2026-09-16 01:06:53,617 INFO o.a.j.u.JMeterUtils: Setting Locale to en_EN
2026-09-16 01:06:53,627 INFO o.a.j.JMeter: Loading user properties from: C:\Users\leohs\OneDrive\Desktop\SCHOOL\TERM4\API ARC\apache-jmeter-5.6.3\bin\user.properties
2026-09-16 01:06:53,627 INFO o.a.j.JMeter: Loading system properties from: C:\Users\leohs\OneDrive\Desktop\SCHOOL\TERM4\API ARC\apache-jmeter-5.6.3\bin\system.properties
2026-09-16 01:06:53,627 INFO o.a.j.JMeter: Setting JMeter property: threads=1
2026-09-16 01:06:53,628 INFO o.a.j.JMeter: Setting JMeter property: loops=1
2026-09-16 01:06:53,631 INFO o.a.j.JMeter: Copyright (c) 1998-2024 The Apache Software Foundation
2026-09-16 01:06:53,631 INFO o.a.j.JMeter: Version 5.6.3
2026-09-16 01:06:53,631 INFO o.a.j.JMeter: java.version=22
2026-09-16 01:06:53,631 INFO o.a.j.JMeter: java.vm.name=Java HotSpot(TM) 64-Bit Server VM
2026-09-16 01:06:53,631 INFO o.a.j.JMeter: os.name=Windows 11
2026-09-16 01:06:53,631 INFO o.a.j.JMeter: os.arch=amd64
2026-09-16 01:06:53,631 INFO o.a.j.JMeter: os.version=10.0
2026-09-16 01:06:53,631 INFO o.a.j.JMeter: file.encoding=UTF-8
2026-09-16 01:06:53,631 INFO o.a.j.JMeter: java.awt.headless=true
2026-09-16 01:06:53,631 INFO o.a.j.JMeter: Max memory     =1073741824
2026-09-16 01:06:53,631 INFO o.a.j.JMeter: Available Processors =32
2026-09-16 01:06:53,642 INFO o.a.j.JMeter: Default Locale=English (EN)
2026-09-16 01:06:53,642 INFO o.a.j.JMeter: JMeter  Locale=English (EN)
2026-09-16 01:06:53,642 INFO o.a.j.JMeter: JMeterHome=C:\Users\leohs\OneDrive\Desktop\SCHOOL\TERM4\API ARC\apache-jmeter-5.6.3
2026-09-16 01:06:53,642 INFO o.a.j.JMeter: user.dir  =C:\Users\leohs\OneDrive\Desktop\SCHOOL\TERM4\API ARC
2026-09-16 01:06:53,643 INFO o.a.j.JMeter: PWD       =C:\Users\leohs\OneDrive\Desktop\SCHOOL\TERM4\API ARC
2026-09-16 01:06:58,608 INFO o.a.j.JMeter: IP: 192.168.56.1 Name: LeoSPC FullName: LeoSPC
2026-09-16 01:06:58,615 INFO o.a.j.JMeter: Setting property 'jmeter.reportgenerator.outputdir' to:'C:\Users\leohs\OneDrive\Desktop\SCHOOL\TERM4\API ARC\report'
2026-09-16 01:06:58,617 INFO o.a.j.s.FileServer: Default base='C:\Users\leohs\OneDrive\Desktop\SCHOOL\TERM4\API ARC'
2026-09-16 01:06:58,617 INFO o.a.j.s.FileServer: Set new base='C:\Users\leohs\OneDrive\Desktop\SCHOOL\TERM4\API ARC'
2026-09-16 01:06:58,711 INFO o.a.j.s.SaveService: Testplan (JMX) version: 2.2. Testlog (JTL) version: 2.2
2026-09-16 01:06:58,728 INFO o.a.j.s.SaveService: Using SaveService properties version 5.0
2026-09-16 01:06:58,730 INFO o.a.j.s.SaveService: Using SaveService properties file encoding UTF-8
2026-09-16 01:06:58,732 INFO o.a.j.s.SaveService: Loading file: C:\Users\leohs\OneDrive\Desktop\SCHOOL\TERM4\API ARC\soccer-test.jmx
2026-09-16 01:06:58,762 INFO o.a.j.p.h.s.HTTPSamplerBase: Parser for text/html is org.apache.jmeter.protocol.http.parser.LagartoBasedHtmlParser
2026-09-16 01:06:58,762 INFO o.a.j.p.h.s.HTTPSamplerBase: Parser for application/xhtml+xml is org.apache.jmeter.protocol.http.parser.LagartoBasedHtmlParser
2026-09-16 01:06:58,762 INFO o.a.j.p.h.s.HTTPSamplerBase: Parser for application/xml is org.apache.jmeter.protocol.http.parser.LagartoBasedHtmlParser
2026-09-16 01:06:58,762 INFO o.a.j.p.h.s.HTTPSamplerBase: Parser for text/xml is org.apache.jmeter.protocol.http.parser.LagartoBasedHtmlParser
2026-09-16 01:06:58,763 INFO o.a.j.p.h.s.HTTPSamplerBase: Parser for text/vnd.wap.wml is org.apache.jmeter.protocol.http.parser.RegexpHTMLParser
2026-09-16 01:06:58,763 INFO o.a.j.p.h.s.HTTPSamplerBase: Parser for text/css is org.apache.jmeter.protocol.http.parser.CssParser
2026-09-16 01:06:58,777 INFO o.a.j.JMeter: Creating summariser <summary>
2026-09-16 01:06:58,779 INFO o.a.j.r.d.ReportGenerator: ReportGenerator will use for Parsing the separator: ','
2026-09-16 01:06:58,779 INFO o.a.j.r.d.ReportGenerator: Will generate report at end of test from  results file: C:\Users\leohs\OneDrive\Desktop\SCHOOL\TERM4\API ARC\results.jtl
2026-09-16 01:06:58,779 INFO o.a.j.r.d.ReportGenerator: Reading report generator properties from: C:\Users\leohs\OneDrive\Desktop\SCHOOL\TERM4\API ARC\apache-jmeter-5.6.3\bin\reportgenerator.properties
2026-09-16 01:06:58,779 INFO o.a.j.r.d.ReportGenerator: Merging with JMeter properties
2026-09-16 01:06:58,781 INFO o.a.j.r.c.ReportGeneratorConfiguration: Property 'jmeter.reportgenerator.temp_dir' not found, using default value 'temp' instead.
2026-09-16 01:06:58,782 INFO o.a.j.r.c.ReportGeneratorConfiguration: Property 'jmeter.reportgenerator.apdex_per_transaction' not found, using default value 'null' instead.
2026-09-16 01:06:58,782 INFO o.a.j.r.c.ReportGeneratorConfiguration: apdex_per_transaction is empty, not APDEX per transaction customization
2026-09-16 01:06:58,782 INFO o.a.j.r.c.ReportGeneratorConfiguration: Property 'jmeter.reportgenerator.sample_filter' not found, using default value 'null' instead.
2026-09-16 01:06:58,782 INFO o.a.j.r.c.ReportGeneratorConfiguration: Property 'jmeter.reportgenerator.report_title' not found, using default value 'null' instead.
2026-09-16 01:06:58,782 INFO o.a.j.r.c.ReportGeneratorConfiguration: Property 'jmeter.reportgenerator.start_date' not found, using default value 'null' instead.
2026-09-16 01:06:58,782 INFO o.a.j.r.c.ReportGeneratorConfiguration: Property 'jmeter.reportgenerator.end_date' not found, using default value 'null' instead.
2026-09-16 01:06:58,782 INFO o.a.j.r.c.ReportGeneratorConfiguration: Property 'jmeter.reportgenerator.date_format' not found, using default value 'null' instead.
2026-09-16 01:06:58,783 INFO o.a.j.r.c.ReportGeneratorConfiguration: Will use date range start date: null, end date: null
2026-09-16 01:06:58,784 INFO o.a.j.r.c.ReportGeneratorConfiguration: Property 'jmeter.reportgenerator.graph.totalTPS.exclude_controllers' not found, using default value 'false' instead.
2026-09-16 01:06:58,784 INFO o.a.j.r.c.ReportGeneratorConfiguration: Property 'jmeter.reportgenerator.graph.activeThreadsOverTime.exclude_controllers' not found, using default value 'false' instead.
2026-09-16 01:06:58,785 INFO o.a.j.r.c.ReportGeneratorConfiguration: Property 'jmeter.reportgenerator.graph.timeVsThreads.exclude_controllers' not found, using default value 'false' instead.
2026-09-16 01:06:58,785 INFO o.a.j.r.c.ReportGeneratorConfiguration: Property 'jmeter.reportgenerator.graph.responseTimeDistribution.exclude_controllers' not found, using default value 'false' instead.
2026-09-16 01:06:58,785 INFO o.a.j.r.c.ReportGeneratorConfiguration: Property 'jmeter.reportgenerator.graph.transactionsPerSecond.exclude_controllers' not found, using default value 'false' instead.
2026-09-16 01:06:58,785 INFO o.a.j.r.c.ReportGeneratorConfiguration: Property 'jmeter.reportgenerator.graph.responseTimePercentiles.exclude_controllers' not found, using default value 'false' instead.
2026-09-16 01:06:58,785 INFO o.a.j.r.c.ReportGeneratorConfiguration: Property 'jmeter.reportgenerator.graph.responseTimePercentilesOverTime.exclude_controllers' not found, using default value 'false' instead.
2026-09-16 01:06:58,785 INFO o.a.j.r.c.ReportGeneratorConfiguration: Property 'jmeter.reportgenerator.graph.responseTimesOverTime.exclude_controllers' not found, using default value 'false' instead.
2026-09-16 01:06:58,785 INFO o.a.j.r.c.ReportGeneratorConfiguration: Property 'jmeter.reportgenerator.graph.connectTimeOverTime.exclude_controllers' not found, using default value 'false' instead.
2026-09-16 01:06:58,785 INFO o.a.j.r.c.ReportGeneratorConfiguration: Property 'jmeter.reportgenerator.graph.latenciesOverTime.exclude_controllers' not found, using default value 'false' instead.
2026-09-16 01:06:58,785 INFO o.a.j.r.c.ReportGeneratorConfiguration: Property 'jmeter.reportgenerator.exporter.json.filters_only_sample_series' not found, using default value 'true' instead.
2026-09-16 01:06:58,786 INFO o.a.j.r.c.ReportGeneratorConfiguration: Property 'jmeter.reportgenerator.exporter.json.series_filter' not found, using default value '' instead.
2026-09-16 01:06:58,786 INFO o.a.j.r.c.ReportGeneratorConfiguration: Property 'jmeter.reportgenerator.exporter.json.show_controllers_only' not found, using default value 'false' instead.
2026-09-16 01:06:58,786 INFO o.a.j.r.c.ReportGeneratorConfiguration: Property 'jmeter.reportgenerator.exporter.html.filters_only_sample_series' not found, using default value 'true' instead.
2026-09-16 01:06:58,786 INFO o.a.j.r.c.ReportGeneratorConfiguration: Property 'jmeter.reportgenerator.exporter.html.series_filter' not found, using default value '' instead.
2026-09-16 01:06:58,786 INFO o.a.j.r.c.ReportGeneratorConfiguration: Property 'jmeter.reportgenerator.exporter.html.show_controllers_only' not found, using default value 'false' instead.
2026-09-16 01:06:58,793 INFO o.a.j.e.StandardJMeterEngine: Running the test!
2026-09-16 01:06:58,794 INFO o.a.j.s.SampleEvent: List of sample_variables: []
2026-09-16 01:06:58,794 INFO o.a.j.s.SampleEvent: List of sample_variables: []
2026-09-16 01:06:58,796 INFO o.a.j.e.u.CompoundVariable: Note: Function class names must contain the string: '.functions.'
2026-09-16 01:06:58,796 INFO o.a.j.e.u.CompoundVariable: Note: Function class names must not contain the string: '.gui.'
2026-09-16 01:06:58,837 INFO o.a.j.JMeter: Running test (1789546018837)
2026-09-16 01:06:58,846 INFO o.a.j.e.StandardJMeterEngine: Starting ThreadGroup: 1 : Thread Group
2026-09-16 01:06:58,846 INFO o.a.j.e.StandardJMeterEngine: Starting 1 threads for group Thread Group.
2026-09-16 01:06:58,846 INFO o.a.j.e.StandardJMeterEngine: Thread will continue on error
2026-09-16 01:06:58,846 INFO o.a.j.t.ThreadGroup: Starting thread group... number=1 threads=1 ramp-up=1 delayedStart=false
2026-09-16 01:06:58,849 INFO o.a.j.t.ThreadGroup: Started thread group number 1
2026-09-16 01:06:58,849 INFO o.a.j.e.StandardJMeterEngine: All thread groups have been started
2026-09-16 01:06:58,850 INFO o.a.j.t.JMeterThread: Thread started: Thread Group 1-1
2026-09-16 01:06:58,858 INFO o.a.j.p.h.s.HTTPHCAbstractImpl: Local host = LeoSPC
2026-09-16 01:06:58,861 INFO o.a.j.p.h.s.HTTPHC4Impl: HTTP request retry count = 0
2026-09-16 01:06:58,861 INFO o.a.j.s.SampleResult: Note: Sample TimeStamps are START times
2026-09-16 01:06:58,861 INFO o.a.j.s.SampleResult: sampleresult.default.encoding is set to UTF-8
2026-09-16 01:06:58,861 INFO o.a.j.s.SampleResult: sampleresult.useNanoTime=true
2026-09-16 01:06:58,861 INFO o.a.j.s.SampleResult: sampleresult.nanoThreadSleep=5000
2026-09-16 01:06:58,928 INFO o.a.j.t.JMeterThread: Thread is done: Thread Group 1-1
2026-09-16 01:06:58,929 INFO o.a.j.t.JMeterThread: Thread finished: Thread Group 1-1
2026-09-16 01:06:58,929 INFO o.a.j.e.StandardJMeterEngine: Notifying test listeners of end of test
2026-09-16 01:06:58,931 INFO o.a.j.r.Summariser: summary =      2 in 00:00:00 =   21.5/s Avg:    12 Min:     6 Max:    19 Err:     0 (0.00%)
2026-09-16 01:06:58,931 INFO o.a.j.JMeter: Generating Dashboard
2026-09-16 01:06:58,931 INFO o.a.j.r.d.ReportGenerator: Flushing result collector before report Generation
2026-09-16 01:06:58,937 INFO o.a.j.r.p.NormalizerSampleConsumer: Using format, 'ms', to parse timeStamp field
2026-09-16 01:06:58,980 INFO o.a.j.r.p.AbstractSampleConsumer: class org.apache.jmeter.report.processor.AggregateConsumer#stopProducing(): beginDate produced 0 samples
2026-09-16 01:06:58,980 INFO o.a.j.r.p.AbstractSampleConsumer: class org.apache.jmeter.report.processor.AggregateConsumer#stopProducing(): endDate produced 0 samples
2026-09-16 01:06:58,981 INFO o.a.j.r.p.AbstractSampleConsumer: class org.apache.jmeter.report.processor.ApdexSummaryConsumer#stopProducing(): apdexSummary produced 0 samples
2026-09-16 01:06:58,981 INFO o.a.j.r.p.AbstractSampleConsumer: class org.apache.jmeter.report.processor.RequestsSummaryConsumer#stopProducing(): requestsSummary produced 0 samples
2026-09-16 01:06:58,984 INFO o.a.j.r.p.AbstractSampleConsumer: class org.apache.jmeter.report.processor.StatisticsSummaryConsumer#stopProducing(): statisticsSummary produced 0 samples
2026-09-16 01:06:58,985 INFO o.a.j.r.p.AbstractSampleConsumer: class org.apache.jmeter.report.processor.Top5ErrorsBySamplerConsumer#stopProducing(): top5ErrorsBySampler produced 0 samples
2026-09-16 01:06:58,985 INFO o.a.j.r.p.AbstractSampleConsumer: class org.apache.jmeter.report.processor.ErrorsSummaryConsumer#stopProducing(): errorsSummary produced 0 samples
2026-09-16 01:06:58,985 INFO o.a.j.r.p.AbstractSampleConsumer: class org.apache.jmeter.report.processor.graph.impl.HitsPerSecondGraphConsumer#stopProducing(): hitsPerSecond produced 0 samples
2026-09-16 01:06:58,992 INFO o.a.j.r.p.AbstractSampleConsumer: class org.apache.jmeter.report.processor.graph.impl.LatencyVSRequestGraphConsumer#stopProducing(): latencyVsRequest produced 0 samples
2026-09-16 01:06:58,992 INFO o.a.j.r.p.AbstractSampleConsumer: class org.apache.jmeter.report.processor.graph.impl.SyntheticResponseTimeDistributionGraphConsumer#stopProducing(): syntheticResponseTimeDistribution produced 0 samples
2026-09-16 01:06:58,992 INFO o.a.j.r.p.AbstractSampleConsumer: class org.apache.jmeter.report.processor.graph.impl.BytesThroughputGraphConsumer#stopProducing(): bytesThroughputOverTime produced 0 samples
2026-09-16 01:06:58,992 INFO o.a.j.r.p.AbstractSampleConsumer: class org.apache.jmeter.report.processor.graph.impl.CodesPerSecondGraphConsumer#stopProducing(): codesPerSecond produced 0 samples
2026-09-16 01:06:58,994 INFO o.a.j.r.p.AbstractSampleConsumer: class org.apache.jmeter.report.processor.graph.impl.ResponseTimeVSRequestGraphConsumer#stopProducing(): responseTimeVsRequest produced 0 samples
2026-09-16 01:06:58,994 INFO o.a.j.r.p.AbstractSampleConsumer: class org.apache.jmeter.report.processor.FilterConsumer#stopProducing(): startIntervalControlerFilter produced 14 samples
2026-09-16 01:06:58,994 INFO o.a.j.r.p.AbstractSampleConsumer: class org.apache.jmeter.report.processor.graph.impl.TotalTPSGraphConsumer#stopProducing(): totalTPS produced 0 samples
2026-09-16 01:06:58,994 INFO o.a.j.r.p.AbstractSampleConsumer: class org.apache.jmeter.report.processor.graph.impl.ActiveThreadsGraphConsumer#stopProducing(): activeThreadsOverTime produced 0 samples
2026-09-16 01:06:58,994 INFO o.a.j.r.p.AbstractSampleConsumer: class org.apache.jmeter.report.processor.graph.impl.TimeVSThreadGraphConsumer#stopProducing(): timeVsThreads produced 0 samples
2026-09-16 01:06:58,994 INFO o.a.j.r.p.AbstractSampleConsumer: class org.apache.jmeter.report.processor.graph.impl.ResponseTimeDistributionGraphConsumer#stopProducing(): responseTimeDistribution produced 0 samples
2026-09-16 01:06:58,994 INFO o.a.j.r.p.AbstractSampleConsumer: class org.apache.jmeter.report.processor.graph.impl.TransactionsPerSecondGraphConsumer#stopProducing(): transactionsPerSecond produced 0 samples
2026-09-16 01:06:58,994 INFO o.a.j.r.p.AbstractSampleConsumer: class org.apache.jmeter.report.processor.graph.impl.ResponseTimePercentilesGraphConsumer#stopProducing(): responseTimePercentiles produced 0 samples
2026-09-16 01:06:58,995 INFO o.a.j.r.p.AbstractSampleConsumer: class org.apache.jmeter.report.processor.graph.impl.ResponseTimePercentilesOverTimeGraphConsumer#stopProducing(): responseTimePercentilesOverTime produced 0 samples
2026-09-16 01:06:58,995 INFO o.a.j.r.p.AbstractSampleConsumer: class org.apache.jmeter.report.processor.graph.impl.ResponseTimeOverTimeGraphConsumer#stopProducing(): responseTimesOverTime produced 0 samples
2026-09-16 01:06:58,995 INFO o.a.j.r.p.AbstractSampleConsumer: class org.apache.jmeter.report.processor.graph.impl.ConnectTimeOverTimeGraphConsumer#stopProducing(): connectTimeOverTime produced 0 samples
2026-09-16 01:06:58,995 INFO o.a.j.r.p.AbstractSampleConsumer: class org.apache.jmeter.report.processor.graph.impl.LatencyOverTimeGraphConsumer#stopProducing(): latenciesOverTime produced 0 samples
2026-09-16 01:06:58,995 INFO o.a.j.r.p.AbstractSampleConsumer: class org.apache.jmeter.report.processor.FilterConsumer#stopProducing(): nameFilter produced 30 samples
2026-09-16 01:06:58,995 INFO o.a.j.r.p.AbstractSampleConsumer: class org.apache.jmeter.report.processor.FilterConsumer#stopProducing(): dateRangeFilter produced 6 samples
2026-09-16 01:06:58,995 INFO o.a.j.r.p.AbstractSampleConsumer: class org.apache.jmeter.report.processor.NormalizerSampleConsumer#stopProducing(): normalizer produced 2 samples
2026-09-16 01:06:58,996 INFO o.a.j.r.p.CsvFileSampleSource: produce(): 2 samples produced in 42ms on channel 0
2026-09-16 01:06:58,996 INFO o.a.j.r.d.ReportGenerator: Exporting data using exporter:'json' of className:'org.apache.jmeter.report.dashboard.JsonExporter'
2026-09-16 01:06:59,040 INFO o.a.j.r.d.JsonExporter: Found data for consumer statisticsSummary in context
2026-09-16 01:06:59,040 INFO o.a.j.r.d.JsonExporter: Creating statistics for overall
2026-09-16 01:06:59,040 INFO o.a.j.r.d.JsonExporter: Creating statistics for other transactions
2026-09-16 01:06:59,040 INFO o.a.j.r.d.JsonExporter: Checking output folder
2026-09-16 01:06:59,041 INFO o.a.j.r.d.JsonExporter: Writing statistics JSON to C:\Users\leohs\OneDrive\Desktop\SCHOOL\TERM4\API ARC\report\statistics.json
2026-09-16 01:06:59,069 INFO o.a.j.r.d.ReportGenerator: Exporting data using exporter:'html' of className:'org.apache.jmeter.report.dashboard.HtmlTemplateExporter'
2026-09-16 01:06:59,071 INFO o.a.j.r.d.HtmlTemplateExporter: Will generate dashboard in folder: C:\Users\leohs\OneDrive\Desktop\SCHOOL\TERM4\API ARC\report
2026-09-16 01:06:59,146 INFO o.a.j.r.d.HtmlTemplateExporter: Report will be generated in: C:\Users\leohs\OneDrive\Desktop\SCHOOL\TERM4\API ARC\report, creating folder structure
2026-09-16 01:06:59,148 INFO o.a.j.r.d.TemplateVisitor: Copying folder from 'C:\Users\leohs\OneDrive\Desktop\SCHOOL\TERM4\API ARC\apache-jmeter-5.6.3\bin\report-template' to 'C:\Users\leohs\OneDrive\Desktop\SCHOOL\TERM4\API ARC\report', got message: C:\Users\leohs\OneDrive\Desktop\SCHOOL\TERM4\API ARC\report, found non empty folder with following content [C:\Users\leohs\OneDrive\Desktop\SCHOOL\TERM4\API ARC\report\statistics.json], will be ignored
2026-09-16 01:06:59,375 INFO o.a.j.JMeter: Dashboard generated
